Archive member included to satisfy reference by file (symbol)

./build/open_esplibs_libmain.a(timers.o)
                              (--whole-archive)
./build/open_esplibs_libmain.a(ets_timer.o)
                              (--whole-archive)
./build/open_esplibs_libmain.a(spi_flash.o)
                              (--whole-archive)
./build/open_esplibs_libmain.a(os_cpu_a.o)
                              (--whole-archive)
./build/open_esplibs_libmain.a(uart.o)
                              (--whole-archive)
./build/open_esplibs_libmain.a(misc.o)
                              (--whole-archive)
./build/open_esplibs_libmain.a(user_interface.o)
                              (--whole-archive)
./build/open_esplibs_libmain.a(xtensa_context.o)
                              (--whole-archive)
./build/open_esplibs_libnet80211.a(ieee80211_hostap.o)
                              (--whole-archive)
./build/open_esplibs_libnet80211.a(wl_cnx.o)
                              (--whole-archive)
./build/open_esplibs_libnet80211.a(ieee80211_ets.o)
                              (--whole-archive)
./build/open_esplibs_libnet80211.a(ieee80211_input.o)
                              (--whole-archive)
./build/open_esplibs_libnet80211.a(ieee80211_sta.o)
                              (--whole-archive)
./build/open_esplibs_libphy.a(phy_chip_v6.o)
                              (--whole-archive)
./build/open_esplibs_libphy.a(phy.o)
                              (--whole-archive)
./build/open_esplibs_libphy.a(phy_sleep.o)
                              (--whole-archive)
./build/open_esplibs_libpp.a(pm.o)
                              (--whole-archive)
./build/open_esplibs_libpp.a(if_hwctrl.o)
                              (--whole-archive)
./build/open_esplibs_libpp.a(pp.o)
                              (--whole-archive)
./build/open_esplibs_libpp.a(esf_buf.o)
                              (--whole-archive)
./build/open_esplibs_libpp.a(lmac.o)
                              (--whole-archive)
./build/open_esplibs_libpp.a(wdev.o)
                              (--whole-archive)
./build/open_esplibs_libwpa.a(os_xtensa.o)
                              (--whole-archive)
./build/open_esplibs_libwpa.a(wpa_main.o)
                              (--whole-archive)
./build/freertos.a(tasks.o)   ./build/open_esplibs_libmain.a(os_cpu_a.o) (pxCurrentTCB)
./build/freertos.a(timers.o)  ./build/freertos.a(tasks.o) (xTimerCreateTimerTask)
./build/freertos.a(port.o)    ./build/freertos.a(tasks.o) (vAssertCalled)
./build/freertos.a(queue.o)   ./build/freertos.a(timers.o) (xQueueGenericCreate)
./build/freertos.a(list.o)    ./build/freertos.a(tasks.o) (vListInitialise)
./build/lwip.a(sys_arch.o)    ./build/open_esplibs_libmain.a(user_interface.o) (sys_lock_tcpip_core)
./build/lwip.a(esp_interface.o)
                              ./build/open_esplibs_libnet80211.a(ieee80211_input.o) (ethernetif_input)
./build/lwip.a(tcpip.o)       ./build/open_esplibs_libnet80211.a(ieee80211_hostap.o) (tcpip_input)
./build/lwip.a(mem.o)         ./build/lwip.a(tcpip.o) (mem_free)
./build/lwip.a(init.o)        ./build/lwip.a(tcpip.o) (lwip_init)
./build/lwip.a(memp.o)        ./build/lwip.a(init.o) (memp_init)
./build/lwip.a(tcp.o)         ./build/lwip.a(init.o) (tcp_init)
./build/lwip.a(timeouts.o)    ./build/lwip.a(init.o) (sys_timeouts_init)
./build/lwip.a(dns.o)         ./build/lwip.a(init.o) (dns_init)
./build/lwip.a(tcp_in.o)      ./build/lwip.a(tcp.o) (tcp_input_pcb)
./build/lwip.a(def.o)         ./build/lwip.a(esp_interface.o) (lwip_htons)
./build/lwip.a(netif.o)       ./build/lwip.a(init.o) (netif_init)
./build/lwip.a(pbuf.o)        ./build/open_esplibs_libnet80211.a(ieee80211_input.o) (pbuf_alloc_reference)
./build/lwip.a(udp.o)         ./build/lwip.a(init.o) (udp_init)
./build/lwip.a(tcp_out.o)     ./build/lwip.a(tcp.o) (tcp_split_unsent_seg)
./build/lwip.a(ip4_frag.o)    ./build/lwip.a(timeouts.o) (ip_reass_tmr)
./build/lwip.a(dhcp.o)        ./build/lwip.a(netif.o) (dhcp_network_changed)
./build/lwip.a(etharp.o)      ./build/lwip.a(netif.o) (etharp_cleanup_netif)
./build/lwip.a(ip4_addr.o)    ./build/lwip.a(tcp_in.o) (ip4_addr_isbroadcast_u32)
./build/lwip.a(igmp.o)        ./build/lwip.a(init.o) (igmp_init)
./build/lwip.a(ip4.o)         ./build/lwip.a(tcp.o) (ip4_route)
./build/lwip.a(icmp.o)        ./build/lwip.a(ip4.o) (icmp_input)
./build/lwip.a(ethernet.o)    ./build/lwip.a(etharp.o) (ethbroadcast)
./build/lwip.a(inet_chksum.o)
                              ./build/lwip.a(tcp_in.o) (ip_chksum_pseudo)
./build/lwip.a(ip.o)          ./build/lwip.a(tcp_in.o) (ip_data)
./build/core.a(esp_interrupts.o)
                              ./build/open_esplibs_libmain.a(ets_timer.o) (_xt_isr_attach)
./build/core.a(app_main.o)    ./build/open_esplibs_libmain.a(user_interface.o) (sdk_user_init_flag)
./build/core.a(sdk_compat.o)  ./build/open_esplibs_libnet80211.a(ieee80211_hostap.o) (zalloc)
./build/core.a(sysparam.o)    ./build/core.a(app_main.o) (sysparam_init)
[...]
Memory Configuration

Name             Origin             Length             Attributes
dport0_0_seg     0x000000003ff00000 0x0000000000000010
dram0_0_seg      0x000000003ffe8000 0x0000000000014000
iram1_0_seg      0x0000000040100000 0x0000000000008000
irom0_0_seg      0x0000000040202010 0x00000000000fdff0
*default*        0x0000000000000000 0xffffffffffffffff

Linker script and memory map

LOAD ./build/open_esplibs_libmain.a
LOAD ./build/open_esplibs_libnet80211.a
LOAD ./build/open_esplibs_libphy.a
LOAD ./build/open_esplibs_libpp.a
LOAD ./build/open_esplibs_libwpa.a
START GROUP
LOAD ./build/program.a
LOAD ./build/softuart.a
LOAD ./build/i2c.a
LOAD ./build/bmp280.a
LOAD ./build/dhcpserver.a
LOAD ./build/sensors.a
LOAD ./build/wifi.a
LOAD ./build/shmem.a
LOAD ./build/control.a
LOAD ./build/freertos.a
LOAD ./build/lwip.a
LOAD ./build/core.a
LOAD ./build/open_esplibs.a
LOAD ./build/libgcc.a
LOAD ./build/libc.a
LOAD /home/arturs/esp/esp-open-sdk/xtensa-lx106-elf/xtensa-lx106-elf/sysroot/usr/lib/libhal.a
LOAD ./build/sdklib/libmain.a
LOAD ./build/sdklib/libnet80211.a
LOAD ./build/sdklib/libphy.a
LOAD ./build/sdklib/libpp.a
LOAD ./build/sdklib/libwpa.a
END GROUP
                0x0000000040105954                pvPortMalloc = malloc
                0x0000000040105970                vPortFree = free
                0x0000000040105c6c                ets_printf = printf
                [!provide]                        PROVIDE (_memmap_vecbase_reset, 0x40000000)
                0x0000000000000110                _memmap_cacheattr_wb_base = 0x110
                0x0000000000000110                _memmap_cacheattr_wt_base = 0x110
                0x0000000000000220                _memmap_cacheattr_bp_base = 0x220
                0x00000000fffff00f                _memmap_cacheattr_unused_mask = 0xfffff00f
                0x000000002222211f                _memmap_cacheattr_wb_trapnull = 0x2222211f
                0x000000002222211f                _memmap_cacheattr_wba_trapnull = 0x2222211f
                0x000000002222211f                _memmap_cacheattr_wbna_trapnull = 0x2222211f
                0x000000002222211f                _memmap_cacheattr_wt_trapnull = 0x2222211f
                0x000000002222222f                _memmap_cacheattr_bp_trapnull = 0x2222222f
                0x00000000fffff11f                _memmap_cacheattr_wb_strict = 0xfffff11f
                0x00000000fffff11f                _memmap_cacheattr_wt_strict = 0xfffff11f
                0x00000000fffff22f                _memmap_cacheattr_bp_strict = 0xfffff22f
                0x0000000022222112                _memmap_cacheattr_wb_allvalid = 0x22222112
                0x0000000022222112                _memmap_cacheattr_wt_allvalid = 0x22222112
                0x0000000022222222                _memmap_cacheattr_bp_allvalid = 0x22222222
                [!provide]                        PROVIDE (_memmap_cacheattr_reset, _memmap_cacheattr_wb_trapnull)

.dport0.rodata  0x000000003ff00000        0x0
                0x000000003ff00000                _dport0_rodata_start = ABSOLUTE (.)
 *(.dport0.rodata)
 *(.dport.rodata)
                0x000000003ff00000                _dport0_rodata_end = ABSOLUTE (.)

.dport0.literal
                0x000000003ff00000        0x0
                0x000000003ff00000                _dport0_literal_start = ABSOLUTE (.)
 *(.dport0.literal)
 *(.dport.literal)
                0x000000003ff00000                _dport0_literal_end = ABSOLUTE (.)

.dport0.data    0x000000003ff00000        0x0
                0x000000003ff00000                _dport0_data_start = ABSOLUTE (.)
 *(.dport0.data)
 *(.dport.data)
                0x000000003ff00000                _dport0_data_end = ABSOLUTE (.)

.text           0x0000000040100000     0x6b22
                0x0000000040100000                _stext = .
                0x0000000040100000                _text_start = ABSOLUTE (.)
                0x0000000040100000                . = ALIGN (0x10)
 *(.vecbase.text)
 .vecbase.text  0x0000000040100000      0x3b2 ./build/core.a(exception_vectors.o)
                0x0000000040100000                VecBase
                0x000000004010023c                call_user_start
                0x000000004010039e                _xt_user_exit
 *(.entry.text)
 *(.init.literal)
 *(.init)
 *(.iram1.*)
 *fill*         0x00000000401003b2        0x2 
 .iram1.text    0x00000000401003b4       0x4b ./build/open_esplibs_libmain.a(ets_timer.o)
                                         0x4f (size before relaxing)
 *fill*         0x00000000401003ff        0x1 
 .iram1.text    0x0000000040100400      0x3a8 ./build/open_esplibs_libmain.a(spi_flash.o)
                                        0x478 (size before relaxing)
                0x0000000040100428                sdk_SPIReadModeCnfig
                0x00000000401004a8                sdk_SPIWrite
                0x0000000040100568                sdk_SPIRead
                0x0000000040100598                sdk_SPIEraseSector
                0x00000000401005f8                sdk_spi_flash_get_id
                0x0000000040100654                sdk_spi_flash_read_status
                0x0000000040100694                sdk_spi_flash_write_status
                0x00000000401006d0                sdk_spi_flash_erase_sector
                0x0000000040100704                sdk_spi_flash_write
                0x0000000040100754                sdk_spi_flash_read
 .iram1.text    0x00000000401007a8      0x129 ./build/open_esplibs_libmain.a(os_cpu_a.o)
                                        0x175 (size before relaxing)
                0x00000000401007a8                vPortYield
                0x00000000401007e0                sdk__xt_int_enter
                0x00000000401007f8                sdk__xt_int_exit
                0x0000000040100828                sdk__xt_timer_int
                0x0000000040100864                sdk__xt_timer_int1
                0x0000000040100878                sdk__xt_tick_timer_init
                0x00000000401008a4                sdk__xt_isr_unmask
                0x00000000401008b4                sdk__xt_isr_mask
                0x00000000401008c4                sdk__xt_read_ints
                0x00000000401008cc                sdk__xt_clear_ints
 *fill*         0x00000000401008d1        0x3 
 .iram1.text    0x00000000401008d4        0xb ./build/open_esplibs_libmain.a(misc.o)
                0x00000000401008d8                sdk_os_get_cpu_frequency
 *fill*         0x00000000401008df        0x1 
 .iram1.text    0x00000000401008e0      0x1cd ./build/open_esplibs_libmain.a(user_interface.o)
                                        0x1e8 (size before relaxing)
                0x00000000401008e4                sdk_system_rtc_mem_write
                0x0000000040100948                sdk_system_rtc_mem_read
                0x00000000401009bc                sdk_system_restart_in_nmi
 *fill*         0x0000000040100aad        0x3 
 .iram1.text    0x0000000040100ab0      0x1c2 ./build/open_esplibs_libnet80211.a(ieee80211_hostap.o)
                                        0x1d6 (size before relaxing)
 *fill*         0x0000000040100c72        0x2 
 .iram1.text    0x0000000040100c74       0x59 ./build/open_esplibs_libnet80211.a(ieee80211_input.o)
                0x0000000040100c80                sdk_ieee80211_deliver_data
 *fill*         0x0000000040100ccd        0x3 
 .iram1.text    0x0000000040100cd0       0x5c ./build/open_esplibs_libwpa.a(os_xtensa.o)
                                         0x68 (size before relaxing)
                0x0000000040100cd0                sdk_os_get_time
                0x0000000040100cd4                sdk_os_random
                0x0000000040100ce4                sdk_os_get_random
 .iram1.text    0x0000000040100d2c       0xdb ./build/freertos.a(port.o)
                                        0x103 (size before relaxing)
                0x0000000040100d34                SV_ISR
                0x0000000040100d7c                vPortEnterCritical
                0x0000000040100da4                vPortExitCritical
                0x0000000040100dd0                PendSV
 *fill*         0x0000000040100e07        0x1 
 .iram1.text    0x0000000040100e08       0xaa ./build/core.a(esp_interrupts.o)
                                         0xae (size before relaxing)
                0x0000000040100e0c                _xt_isr_attach
                0x0000000040100e20                _xt_isr_handler
 *fill*         0x0000000040100eb2        0x2 
 .iram1.text    0x0000000040100eb4      0x313 ./build/core.a(app_main.o)
                                        0x363 (size before relaxing)
                0x0000000040100edc                vApplicationStackOverflowHook
                0x0000000040100f08                vApplicationIdleHook
                0x0000000040100f2c                vApplicationTickHook
                0x0000000040100fb0                sdk_user_start
 *fill*         0x00000000401011c7        0x1 
 .iram1.text    0x00000000401011c8       0x1b ./build/core.a(sdk_compat.o)
                0x00000000401011cc                zalloc
 *fill*         0x00000000401011e3        0x1 
 .iram1.text    0x00000000401011e4       0x34 ./build/core.a(newlib_syscalls.o)
                0x00000000401011f0                _sbrk_r
 .iram1.text    0x0000000040101218        0xe ./build/core.a(esp_hwrand.o)
                                         0x12 (size before relaxing)
                0x0000000040101218                hwrand
 *fill*         0x0000000040101226        0x2 
 .iram1.text    0x0000000040101228       0xa0 ./build/core.a(debug_dumps.o)
                                         0xb8 (size before relaxing)
                0x0000000040101288                debug_exception_handler
                0x0000000040101288                fatal_exception_handler
                0x00000000401012a8                abort
 .iram1.text    0x00000000401012c8       0x67 ./build/core.a(spiflash-cache-enable.o)
                                         0x7b (size before relaxing)
                0x00000000401012d8                Cache_Read_Enable
 *fill*         0x000000004010132f        0x1 
 .iram1.text    0x0000000040101330      0x36b ./build/core.a(spiflash.o)
                                        0x41b (size before relaxing)
                0x0000000040101454                spiflash_write
                0x0000000040101530                spiflash_read
                0x0000000040101628                spiflash_erase_sector
 *fill*         0x000000004010169b        0x1 
 .iram1.text    0x000000004010169c       0x7c ./build/core.a(esp_gpio.o)
                0x00000000401016a4                gpio_interrupt_handler
 .iram1.text    0x0000000040101718       0x26 ./build/core.a(esp_iomux.o)
                0x000000004010171c                gpio_to_iomux
                0x0000000040101730                iomux_to_gpio
 *fill*         0x000000004010173e        0x0 
 *fill*         0x000000004010173e        0x0 
 *fill*         0x000000004010173e        0x0 
 *fill*         0x000000004010173e        0x2 
 .iram1.text    0x0000000040101740       0x3d ./build/open_esplibs_libmain.a(xtensa_context.o)
                0x0000000040101740                sdk__xt_context_save
                0x000000004010175c                sdk__xt_context_restore
 *fill*         0x000000004010177d        0x0 
 *fill*         0x000000004010177d        0x0 
 *fill*         0x000000004010177d        0x0 
 *fill*         0x000000004010177d        0x0 
 *fill*         0x000000004010177d        0x0 
 *fill*         0x000000004010177d        0x0 
 *fill*         0x000000004010177d        0x0 
 *fill*         0x000000004010177d        0x3 
 .iram1.data    0x0000000040101780        0x4 ./build/core.a(debug_dumps.o)
 *fill*         0x0000000040101784        0x0 
 *fill*         0x0000000040101784        0x0 
 *fill*         0x0000000040101784        0x0 
 .iram1.data    0x0000000040101784       0x80 ./build/core.a(esp_iomux.o)
 *sdklib*:*(.literal .text .literal.* .text.*)
 .text          0x0000000040101804        0xb ./build/sdklib/libnet80211.a(wl_chm.o)
                0x0000000040101808                sdk_chm_get_current_channel
 *fill*         0x000000004010180f        0x1 
 .text          0x0000000040101810       0x4f ./build/sdklib/libphy.a(phy.o)
                                         0x53 (size before relaxing)
                0x0000000040101818                sdk_register_phy_ops
                0x0000000040101838                sdk_phy_change_channel
                0x0000000040101854                sdk_phy_get_mactime
 *fill*         0x000000004010185f        0x1 
 .text          0x0000000040101860       0xf7 ./build/sdklib/libphy.a(phy_sleep.o)
                                        0x103 (size before relaxing)
                0x0000000040101870                sdk_pm_rtc_clock_cali
                0x000000004010192c                sdk_clockgate_watchdog
 *fill*         0x0000000040101957        0x1 
 .text          0x0000000040101958       0x94 ./build/sdklib/libpp.a(esf_buf.o)
                                         0xb4 (size before relaxing)
                0x000000004010195c                sdk_esf_rx_buf_alloc
 .text          0x00000000401019ec     0x14e0 ./build/sdklib/libpp.a(lmac.o)
                                       0x187c (size before relaxing)
                0x00000000401019f0                sdk_lmacIsActive
                0x0000000040101a04                sdk_lmacIsIdle
                0x0000000040101e4c                sdk_lmacSetAcParam
                0x0000000040101ee8                sdk_lmacProcessTXStartData
                0x0000000040102090                sdk_lmacProcessTxSuccess
                0x00000000401021d8                sdk_GetAccess
                0x00000000401021e4                sdk_lmacDiscardAgedMSDU
                0x00000000401021f8                sdk_lmacRecycleMPDU
                0x00000000401026d8                sdk_lmacProcessCollisions
                0x0000000040102734                sdk_lmacProcessCollision
                0x00000000401027b8                sdk_lmacMSDUAged
                0x0000000040102b3c                sdk_lmacProcessCtsTimeout
                0x0000000040102b84                sdk_lmacProcessAckTimeout
                0x0000000040102bd8                sdk_lmacProcessRtsStart
                0x0000000040102be4                sdk_lmacProcessTxRtsError
                0x0000000040102c7c                sdk_lmacProcessTxError
                0x0000000040102d00                sdk_lmacTxFrame
                0x0000000040102eb4                sdk_lmacRxDone
 .text          0x0000000040102ecc      0xe70 ./build/sdklib/libpp.a(pp.o)
                                       0x103c (size before relaxing)
                0x0000000040102efc                sdk_pp_soft_wdt_feed
                0x0000000040103010                sdk_ppProcessTxQ
                0x0000000040103100                sdk_ppFetchTxQFirstAvail
                0x0000000040103140                sdk_ppDequeueTxQ
                0x0000000040103168                sdk_ppRollBackTxQ
                0x000000004010318c                sdk_ppRecordBarRRC
                0x000000004010319c                sdk_ppTxqUpdateBitmap
                0x00000000401031c0                sdk_ppEnqueueTxDone
                0x00000000401031f4                sdk_ppEnqueueRxq
                0x00000000401039bc                sdk_ppDiscardMPDU
                0x00000000401039f0                sdk_MacIsrSigPostDefHdl
                0x0000000040103ae4                sdk_pp_post
                0x0000000040103be8                sdk_ppCalTxop
                0x0000000040103ccc                sdk_ppCalFrameTimes
 .text          0x0000000040103d3c       0xf5 ./build/sdklib/libpp.a(rate_control.o)
                                        0x109 (size before relaxing)
                0x0000000040103d5c                sdk_RC_GetAckRate
                0x0000000040103d68                sdk_RC_GetRtsRate
                0x0000000040103d78                sdk_RC_GetAckTime
                0x0000000040103d8c                sdk_RC_GetCtsTime
                0x0000000040103dc4                sdk_RC_GetBlockAckTime
 *fill*         0x0000000040103e31        0x3 
 .text          0x0000000040103e34      0x7f9 ./build/sdklib/libpp.a(trc.o)
                                        0x81d (size before relaxing)
                0x0000000040103fac                sdk_rcUpdateTxDone
                0x0000000040104040                sdk_rcUpdateRxDone
                0x000000004010409c                sdk_rcUpdateDataRxDone
                0x00000000401040b4                sdk_rcGetSched
                0x000000004010415c                sdk_rcGetRate
                0x0000000040104560                sdk_rcReachRetryLimit
                0x0000000040104578                sdk_trc_NeedRTS
 *fill*         0x000000004010462d        0x3 
 .text          0x0000000040104630     0x1163 ./build/sdklib/libpp.a(wdev.o)
                                       0x1473 (size before relaxing)
                0x0000000040104984                sdk_wDev_MacTimSetFunc
                0x00000000401049a4                sdk_wDev_MacTimArm
                0x0000000040104a48                sdk_wDev_MacTim1Arm
                0x0000000040104b24                sdk_wDev_ProcessFiq
                0x0000000040104ec8                sdk_wDev_EnableTransmit
                0x0000000040104f0c                sdk_wDev_DisableTransmit
                0x0000000040104f2c                sdk_Tx_Copy2Queue
                0x0000000040104f74                sdk_wDev_ProcessCollision
                0x0000000040104f98                sdk_wDev_GetTxqCollisions
                0x0000000040104fa8                sdk_wDev_ClearTxqCollisions
                0x0000000040104fc0                sdk_wDev_SetWaitingQueue
                0x000000004010500c                sdk_wDev_ClearWaitingQueue
                0x000000004010502c                sdk_wDev_SetFrameAckType
                0x0000000040105090                sdk_wDev_AppendRxBlocks
                0x0000000040105238                sdk_wDev_AppendRxAmpduLensBlocks
                0x0000000040105370                sdk_wDev_GetBAInfo
 *fill*         0x0000000040105793        0x1 
 .text          0x0000000040105794       0x25 ./build/sdklib/libnet80211.a(ieee80211_hostap.o)
 *fill*         0x00000000401057b9        0x0 
 *fill*         0x00000000401057b9        0x0 
 *fill*         0x00000000401057b9        0x3 
 .text          0x00000000401057bc        0x2 ./build/sdklib/libphy.a(phy_chip_v6.o)
                0x00000000401057bc                sdk_ram_tx_mac_disable
 *fill*         0x00000000401057be        0x0 
 *fill*         0x00000000401057be        0x0 
 *fill*         0x00000000401057be        0x0 
 *fill*         0x00000000401057be        0x0 
 *fill*         0x00000000401057be        0x2 
 .text          0x00000000401057c0       0x11 ./build/sdklib/libwpa.a(wpa_auth.o)
 *libgcc.a:*i3.o(.literal .text .literal.* .text.*)
 *fill*         0x00000000401057d1        0x3 
 .text          0x00000000401057d4       0x49 ./build/libgcc.a(_modsi3.o)
                0x00000000401057d4                __modsi3
 *fill*         0x000000004010581d        0x3 
 .text          0x0000000040105820       0x4c ./build/libgcc.a(_udivsi3.o)
                0x0000000040105820                __udivsi3
 .text          0x000000004010586c       0x18 ./build/libgcc.a(_ashrdi3.o)
                0x000000004010586c                __ashrdi3
 *libc.a:*malloc.o(.literal .text .literal.* .text.*)
 .literal       0x0000000040105884        0x4 ./build/libc.a(lib_a-malloc.o)
                                         0x10 (size before relaxing)
 .literal       0x0000000040105888        0x8 ./build/libc.a(lib_a-nano-mallocr.o)
                                         0x20 (size before relaxing)
 .literal       0x0000000040105890        0x0 ./build/libc.a(lib_a-nano-freer.o)
                                          0xc (size before relaxing)
 .literal       0x0000000040105890       0x28 ./build/libc.a(lib_a-rand.o)
                                         0x58 (size before relaxing)
 .literal       0x00000000401058b8        0xc ./build/libc.a(lib_a-mlock.o)
                                         0x10 (size before relaxing)
 .literal       0x00000000401058c4        0x0 ./build/libc.a(lib_a-printf.o)
                                          0xc (size before relaxing)
 .literal       0x00000000401058c4        0x0 ./build/libc.a(lib_a-sprintf.o)
                                         0x14 (size before relaxing)
 .literal       0x00000000401058c4        0x0 ./build/libc.a(lib_a-fprintf.o)
                                          0xc (size before relaxing)
 .literal       0x00000000401058c4       0x24 ./build/libc.a(lib_a-nano-svfprintf.o)
                                         0x54 (size before relaxing)
 .literal       0x00000000401058e8       0x1c ./build/libc.a(lib_a-nano-vfprintf.o)
                                         0x54 (size before relaxing)
 .literal       0x0000000040105904       0x48 ./build/libc.a(lib_a-findfp.o)
                                         0xa4 (size before relaxing)
 .literal       0x000000004010594c        0x8 ./build/libc.a(lib_a-fputwc.o)
                                         0x20 (size before relaxing)
 .text          0x0000000040105954       0x35 ./build/libc.a(lib_a-malloc.o)
                0x0000000040105954                malloc
                0x0000000040105970                free
 *libc.a:*mallocr.o(.literal .text .literal.* .text.*)
 *fill*         0x0000000040105989        0x3 
 .text          0x000000004010598c       0xed ./build/libc.a(lib_a-nano-mallocr.o)
                                         0xf1 (size before relaxing)
                0x000000004010598c                _malloc_r
 *fill*         0x0000000040105a79        0x0 
 *libc.a:*freer.o(.literal .text .literal.* .text.*)
 *fill*         0x0000000040105a79        0x3 
 .text          0x0000000040105a7c       0xb1 ./build/libc.a(lib_a-nano-freer.o)
                0x0000000040105a7c                _free_r
 *fill*         0x0000000040105b2d        0x0 
 *libc.a:*memcpy.o(.literal .text .literal.* .text.*)
 *libc.a:*memset.o(.literal .text .literal.* .text.*)
 *libc.a:*memcmp.o(.literal .text .literal.* .text.*)
 *libc.a:*memmove.o(.literal .text .literal.* .text.*)
 *libc.a:*rand.o(.literal .text .literal.* .text.*)
 *fill*         0x0000000040105b2d        0x3 
 .text          0x0000000040105b30       0xdd ./build/libc.a(lib_a-rand.o)
                                         0xe1 (size before relaxing)
                0x0000000040105b30                srand
                0x0000000040105b94                rand
 *fill*         0x0000000040105c0d        0x0 
 *libc.a:*bzero.o(.literal .text .literal.* .text.*)
 *libc.a:*lock.o(.literal .text .literal.* .text.*)
 *fill*         0x0000000040105c0d        0x3 
 .text          0x0000000040105c10       0x2d ./build/libc.a(lib_a-mlock.o)
                0x0000000040105c10                __malloc_lock
                0x0000000040105c28                __malloc_unlock
 *fill*         0x0000000040105c3d        0x0 
 *libc.a:*-printf.o(.literal .text .literal.* .text.*)
 *fill*         0x0000000040105c3d        0x3 
 .text          0x0000000040105c40       0x61 ./build/libc.a(lib_a-printf.o)
                                         0x65 (size before relaxing)
                0x0000000040105c40                _printf_r
                0x0000000040105c40                _iprintf_r
                0x0000000040105c6c                printf
                0x0000000040105c6c                iprintf
 *fill*         0x0000000040105ca1        0x0 
 *libc.a:*-sprintf.o(.literal .text .literal.* .text.*)
 *fill*         0x0000000040105ca1        0x3 
 .text          0x0000000040105ca4       0xb5 ./build/libc.a(lib_a-sprintf.o)
                                         0xb9 (size before relaxing)
                0x0000000040105ca4                _siprintf_r
                0x0000000040105ca4                _sprintf_r
                0x0000000040105cfc                sprintf
                0x0000000040105cfc                siprintf
 *fill*         0x0000000040105d59        0x0 
 *libc.a:*-fprintf.o(.literal .text .literal.* .text.*)
 *fill*         0x0000000040105d59        0x3 
 .text          0x0000000040105d5c       0x57 ./build/libc.a(lib_a-fprintf.o)
                                         0x5b (size before relaxing)
                0x0000000040105d5c                _fprintf_r
                0x0000000040105d5c                _fiprintf_r
                0x0000000040105d80                fprintf
                0x0000000040105d80                fiprintf
 *fill*         0x0000000040105db3        0x0 
 *libc.a:*-svfprintf.o(.literal .text .literal.* .text.*)
 *fill*         0x0000000040105db3        0x1 
 .text          0x0000000040105db4      0x4c5 ./build/libc.a(lib_a-nano-svfprintf.o)
                0x0000000040105db4                __ssputs_r
                0x0000000040105eb0                __ssprint_r
                0x0000000040105fe4                _svfprintf_r
                0x0000000040105fe4                _svfiprintf_r
 *fill*         0x0000000040106279        0x0 
 *libc.a:*-vfprintf.o(.literal .text .literal.* .text.*)
 *fill*         0x0000000040106279        0x3 
 .text          0x000000004010627c      0x43b ./build/libc.a(lib_a-nano-vfprintf.o)
                                        0x43f (size before relaxing)
                0x00000000401062b4                __sfputs_r
                0x0000000040106324                __sprint_r
                0x00000000401063b4                _vfiprintf_r
                0x00000000401063b4                _vfprintf_r
                0x0000000040106690                vfiprintf
                0x0000000040106690                vfprintf
 *fill*         0x00000000401066b7        0x0 
 *libc.a:*findfp.o(.literal .text .literal.* .text.*)
 *fill*         0x00000000401066b7        0x1 
 .text          0x00000000401066b8      0x317 ./build/libc.a(lib_a-findfp.o)
                0x0000000040106710                _cleanup_r
                0x00000000401067a8                __sfmoreglue
                0x00000000401067f0                _cleanup
                0x0000000040106804                __sfp_lock_acquire
                0x000000004010681c                __sfp_lock_release
                0x0000000040106834                __sinit_lock_acquire
                0x000000004010684c                __sinit_lock_release
                0x0000000040106864                __sinit
                0x00000000401068e0                __sfp
                0x0000000040106990                __fp_lock_all
                0x00000000401069b0                __fp_unlock_all
 *fill*         0x00000000401069cf        0x0 
 *libc.a:*fputwc.o(.literal .text .literal.* .text.*)
 *fill*         0x00000000401069cf        0x1 
 .text          0x00000000401069d0      0x152 ./build/libc.a(lib_a-fputwc.o)
                                        0x156 (size before relaxing)
                0x00000000401069d0                __fputwc
                0x0000000040106a78                _fputwc_r
                0x0000000040106aec                fputwc
 *fill*         0x0000000040106b22        0x0 
 *(.stub .gnu.warning .gnu.linkonce.literal.* .gnu.linkonce.t.*.literal .gnu.linkonce.t.*)
 *(.fini.literal)
 *(.fini)
 *(.gnu.version)
                0x0000000040106b22                _text_end = ABSOLUTE (.)
                0x0000000040106b22                _etext = .

.data           0x000000003ffe8000      0x96c
                0x000000003ffe8000                _data_start = ABSOLUTE (.)
 *(.data)
 .data          0x000000003ffe8000        0x8 ./build/core.a(spiflash-cache-enable.o)
                0x000000003ffe8000                rboot_megabyte
 .data          0x000000003ffe8008       0xf4 ./build/libc.a(lib_a-impure.o)
                0x000000003ffe8008                _impure_ptr
 .data          0x000000003ffe80fc      0x16c ./build/libc.a(lib_a-locale.o)
                0x000000003ffe80fc                __global_locale
 .data          0x000000003ffe8268        0x1 ./build/sdklib/libmain.a(user_interface.o)
 *fill*         0x000000003ffe8269        0x3 
 .data          0x000000003ffe826c      0x1a8 ./build/sdklib/libnet80211.a(ieee80211_phy.o)
 *fill*         0x000000003ffe8414        0x4 
 .data          0x000000003ffe8418        0x6 ./build/sdklib/libnet80211.a(ieee80211_proto.o)
                0x000000003ffe8418                sdk_ieee80211_addr_bcast
 *fill*         0x000000003ffe841e        0x2 
 .data          0x000000003ffe8420       0x1c ./build/sdklib/libnet80211.a(ieee80211_action.o)
 *fill*         0x000000003ffe843c        0x4 
 .data          0x000000003ffe8440       0x53 ./build/sdklib/libphy.a(phy_chip_v6.o)
                0x000000003ffe8442                sdk_tx_rf_ana_gain
                0x000000003ffe8464                sdk_tx_pwctrl_atten_init_en
                0x000000003ffe8470                sdk_rx_gain_swp
                0x000000003ffe8490                sdk_test_rffreq_txcap
 *fill*         0x000000003ffe8493        0xd 
 .data          0x000000003ffe84a0       0x90 ./build/sdklib/libphy.a(phy_chip_v6_cal.o)
                0x000000003ffe84a0                sdk_dpd_index
                0x000000003ffe8500                sdk_dpd_db2linear
 .data          0x000000003ffe8530        0x4 ./build/sdklib/libphy.a(phy_sleep.o)
                0x000000003ffe8530                sdk_chip_version
 .data          0x000000003ffe8534      0x11c ./build/sdklib/libphy.a(phy_chip_v5_romfunc.o)
                0x000000003ffe8534                sdk_g_phyFuns
                0x000000003ffe8538                sdk_g_phyFuns_instance
 .data          0x000000003ffe8650        0x7 ./build/sdklib/libphy.a(phy_chip_v5_cal_romfunc.o)
 *fill*         0x000000003ffe8657        0x1 
 .data          0x000000003ffe8658        0x1 ./build/sdklib/libpp.a(pm.o)
 *fill*         0x000000003ffe8659        0x3 
 .data          0x000000003ffe865c       0x10 ./build/sdklib/libpp.a(pp.o)
                0x000000003ffe865c                sdk_NoiseTimerInterval
                0x000000003ffe8664                sdk_sleep_start_wait_time
 *fill*         0x000000003ffe866c        0x4 
 .data          0x000000003ffe8670       0x40 ./build/sdklib/libpp.a(rate_control.o)
 .data          0x000000003ffe86b0      0x22c ./build/sdklib/libpp.a(trc.o)
 *fill*         0x000000003ffe88dc        0x4 
 .data          0x000000003ffe88e0       0x10 ./build/sdklib/libpp.a(wdev.o)
 .data          0x000000003ffe88f0       0x18 ./build/sdklib/libnet80211.a(ieee80211_crypto_ccmp.o)
                0x000000003ffe88f0                sdk_ccmp
 .data          0x000000003ffe8908       0x18 ./build/sdklib/libnet80211.a(ieee80211_crypto_tkip.o)
                0x000000003ffe8908                sdk_tkip
 .data          0x000000003ffe8920       0x18 ./build/sdklib/libnet80211.a(ieee80211_crypto_wep.o)
                0x000000003ffe8920                sdk_wep
 *(.data.*)
 .data.sdk_flashchip
                0x000000003ffe8938       0x18 ./build/open_esplibs_libmain.a(spi_flash.o)
                0x000000003ffe8938                sdk_flashchip
 .data.cpu_freq
                0x000000003ffe8950        0x4 ./build/open_esplibs_libmain.a(misc.o)
 .data.sdk_dhcpc_flag
                0x000000003ffe8954        0x4 ./build/open_esplibs_libmain.a(user_interface.o)
                0x000000003ffe8954                sdk_dhcpc_flag
 .data.iss$5640
                0x000000003ffe8958        0x4 ./build/lwip.a(tcp.o)
 .data.tcp_port
                0x000000003ffe895c        0x2 ./build/lwip.a(tcp.o)
 .data.udp_port
                0x000000003ffe895e        0x2 ./build/lwip.a(udp.o)
 .data.current_stdout_write_r
                0x000000003ffe8960        0x4 ./build/core.a(newlib_syscalls.o)
 .data.co2RequestArr
                0x000000003ffe8964        0x8 ./build/sensors.a(sensair.o)
                0x000000003ffe8964                co2RequestArr
 *(.gnu.linkonce.d.*)
 *(.data1)
 *(.sdata)
 *(.sdata.*)
 *(.gnu.linkonce.s.*)
 *(.sdata2)
 *(.sdata2.*)
 *(.gnu.linkonce.s2.*)
 *(.jcr)
                0x000000003ffe896c                _data_end = ABSOLUTE (.)

.rodata         0x000000003ffe8970      0x8bc
                0x000000003ffe8970                _rodata_start = ABSOLUTE (.)
 *core.a:*(.rodata.* .rodata)
 .rodata.str1.4
                0x000000003ffe8970      0x19f ./build/core.a(app_main.o)
 *fill*         0x000000003ffe8b0f        0x1 
 .rodata.CSWTCH$29
                0x000000003ffe8b10       0x24 ./build/core.a(app_main.o)
 .rodata.CSWTCH$28
                0x000000003ffe8b34       0x40 ./build/core.a(app_main.o)
 .rodata.str1.4
                0x000000003ffe8b74      0x1cc ./build/core.a(debug_dumps.o)
 .rodata        0x000000003ffe8d40       0x1c ./build/core.a(exception_vectors.o)
 *libc.a:*.o(.rodata.* .rodata)
 .rodata        0x000000003ffe8d5c        0x4 ./build/libc.a(lib_a-impure.o)
                0x000000003ffe8d5c                _global_impure_ptr
 .rodata.str1.1
                0x000000003ffe8d60        0xa ./build/libc.a(lib_a-locale.o)
                                          0xb (size before relaxing)
 .rodata.str1.1
                0x000000003ffe8d6a       0x21 ./build/libc.a(lib_a-mstats.o)
 .rodata.str1.1
                0x000000003ffe8d8b       0x4b ./build/libc.a(lib_a-nano-mallstatsr.o)
 .rodata.str1.1
                0x000000003ffe8dd6       0x12 ./build/libc.a(lib_a-nano-vfprintf_float.o)
 .rodata.str1.1
                0x000000003ffe8de8       0x22 ./build/libc.a(lib_a-nano-vfprintf_i.o)
 .rodata.str1.1
                0x000000003ffe8e0a        0x5 ./build/libc.a(lib_a-nano-vfscanf_float.o)
 .rodata.str1.1
                0x000000003ffe8e0f        0x5 ./build/libc.a(lib_a-puts.o)
                                          0x2 (size before relaxing)
 .rodata.str1.1
                0x000000003ffe8e0f        0x5 ./build/libc.a(lib_a-strtod.o)
                                          0xc (size before relaxing)
 *fill*         0x000000003ffe8e0f        0x1 
 .rodata        0x000000003ffe8e10       0x70 ./build/libc.a(lib_a-strtod.o)
 .rodata        0x000000003ffe8e80      0x101 ./build/libc.a(lib_a-ctype_.o)
                0x000000003ffe8e80                _ctype_
 .rodata.str1.1
                0x000000003ffe8f81        0xd ./build/libc.a(lib_a-dtoa.o)
                                          0xf (size before relaxing)
 *fill*         0x000000003ffe8f8e        0x2 
 .rodata        0x000000003ffe8f90      0x128 ./build/libc.a(lib_a-mprec.o)
                0x000000003ffe8fa0                __mprec_tinytens
                0x000000003ffe8fc8                __mprec_bigtens
                0x000000003ffe8ff0                __mprec_tens
 .rodata.str1.1
                0x000000003ffe90b8       0x11 ./build/libc.a(lib_a-nano-svfprintf.o)
 .rodata.str1.1
                0x000000003ffe90c9       0x11 ./build/libc.a(lib_a-nano-vfprintf.o)
 *freertos.a:*(.rodata.* .rodata)
 *fill*         0x000000003ffe90c9        0x3 
 .rodata.str1.4
                0x000000003ffe90cc       0x3d ./build/freertos.a(tasks.o)
 *fill*         0x000000003ffe9109        0x3 
 .rodata.xTaskGenericNotifyFromISR
                0x000000003ffe910c       0x14 ./build/freertos.a(tasks.o)
 .rodata.str1.4
                0x000000003ffe9120       0x40 ./build/freertos.a(timers.o)
 .rodata.prvTimerTask
                0x000000003ffe9160       0x28 ./build/freertos.a(timers.o)
 .rodata.str1.4
                0x000000003ffe9188       0x5b ./build/freertos.a(port.o)
 *fill*         0x000000003ffe91e3        0x1 
 .rodata.str1.4
                0x000000003ffe91e4       0x37 ./build/freertos.a(queue.o)
 *libmain.a:spi_flash.o(.rodata.* .rodata)
 *libpp.a:wdev.o(.rodata.* .rodata)
 *fill*         0x000000003ffe921b        0x1 
 .rodata.str1.4
                0x000000003ffe921c       0x10 ./build/sdklib/libpp.a(wdev.o)
                                          0xf (size before relaxing)
                0x000000003ffe922c                _rodata_end = ABSOLUTE (.)

.bss            0x000000003ffe9230     0x8698
                0x000000003ffe9230                . = ALIGN (0x8)
                0x000000003ffe9230                _bss_start = ABSOLUTE (.)
 *(.dynsbss)
 *(.sbss)
 *(.sbss.*)
 *(.gnu.linkonce.sb.*)
 *(.scommon)
 *(.sbss2)
 *(.sbss2.*)
 *(.gnu.linkonce.sb2.*)
 *(.dynbss)
 *(.bss)
 .bss           0x000000003ffe9230      0x228 ./build/core.a(exception_vectors.o)
                0x000000003ffe9444                debug_saved_ctx
 .bss           0x000000003ffe9458        0xc ./build/libc.a(lib_a-arc4random.o)
                0x000000003ffe9458                __arc4random_mutex
 .bss           0x000000003ffe9464        0x4 ./build/libc.a(lib_a-__call_atexit.o)
                0x000000003ffe9464                __atexit_recursive_mutex
 .bss           0x000000003ffe9468        0x4 ./build/libc.a(lib_a-envlock.o)
                0x000000003ffe9468                __env_recursive_mutex
 .bss           0x000000003ffe946c        0x8 ./build/libc.a(lib_a-findfp.o)
                0x000000003ffe946c                __sinit_recursive_mutex
                0x000000003ffe9470                __sfp_recursive_mutex
 .bss           0x000000003ffe9474        0x4 ./build/libc.a(lib_a-mlock.o)
                0x000000003ffe9474                __malloc_recursive_mutex
 .bss           0x000000003ffe9478       0x28 ./build/libc.a(lib_a-nano-mallinfor.o)
                0x000000003ffe9478                __malloc_current_mallinfo
 .bss           0x000000003ffe94a0        0x8 ./build/libc.a(lib_a-nano-mallocr.o)
                0x000000003ffe94a0                __malloc_sbrk_start
                0x000000003ffe94a4                __malloc_free_list
 .bss           0x000000003ffe94a8        0x8 ./build/libc.a(lib_a-quick_exit.o)
                0x000000003ffe94a8                __at_quick_exit_mutex
 .bss           0x000000003ffe94b0        0x4 ./build/libc.a(lib_a-tzlock.o)
                0x000000003ffe94b0                __tz_mutex
 *fill*         0x000000003ffe94b4        0xc 
 .bss           0x000000003ffe94c0      0x131 ./build/sdklib/libmain.a(user_interface.o)
 *fill*         0x000000003ffe95f1        0x3 
 .bss           0x000000003ffe95f4      0x54c ./build/sdklib/libnet80211.a(ieee80211.o)
                0x000000003ffe95f4                sdk_g_ic
                0x000000003ffe9b3c                sdk_xieee80211Queue
 .bss           0x000000003ffe9b40       0x28 ./build/sdklib/libnet80211.a(ieee80211_hostap.o)
                0x000000003ffe9b60                sdk_TmpSTAAPCloseAP
                0x000000003ffe9b61                sdk_PendFreeBcnEb
 .bss           0x000000003ffe9b68       0xe4 ./build/sdklib/libnet80211.a(ieee80211_scan.o)
                0x000000003ffe9b68                sdk_gScanStruct
                0x000000003ffe9c2c                sdk_auth_type
                0x000000003ffe9c2e                sdk_scannum
 .bss           0x000000003ffe9c4c       0x44 ./build/sdklib/libnet80211.a(wl_chm.o)
 .bss           0x000000003ffe9c90      0x780 ./build/sdklib/libnet80211.a(wl_cnx.o)
                0x000000003ffea3f0                sdk_sta_con_timer
                0x000000003ffea40c                sdk_g_cnx_probe_rc_list_cb
 .bss           0x000000003ffea410        0x4 ./build/sdklib/libphy.a(phy.o)
 *fill*         0x000000003ffea414        0xc 
 .bss           0x000000003ffea420      0x38b ./build/sdklib/libphy.a(phy_chip_v6.o)
                0x000000003ffea420                sdk_rxiq_compute_num
                0x000000003ffea424                sdk_rxdc_init_flag
                0x000000003ffea428                sdk_check_result
                0x000000003ffea42c                sdk_chip6_sleep_params
                0x000000003ffea604                sdk_chip6_phy_init_ctrl
                0x000000003ffea672                sdk_phy_freq_offset
                0x000000003ffea674                sdk_do_pwctrl_flag
                0x000000003ffea675                sdk_pwctrl_debug
                0x000000003ffea676                sdk_txbk_dpdby_flag
                0x000000003ffea678                sdk_sw_scan_mode
                0x000000003ffea68c                sdk_periodic_cal_dc_num
                0x000000003ffea690                sdk_periodic_cal_flag
                0x000000003ffea691                sdk_bbpll_cal_flag
                0x000000003ffea692                sdk_deep_sleep_en
                0x000000003ffea698                sdk_noise_array
                0x000000003ffea7a0                sdk_tx_pwctrl_atten_init
 *fill*         0x000000003ffea7ab        0x1 
 .bss           0x000000003ffea7ac        0x6 ./build/sdklib/libphy.a(phy_chip_v6_cal.o)
                0x000000003ffea7ac                sdk_loop_pwctrl_pwdet_error_accum_high_power
                0x000000003ffea7ae                sdk_tx_pwctrl_pk_num
                0x000000003ffea7af                sdk_loop_pwctrl_correct_atten_high_power
                0x000000003ffea7b0                sdk_tx_pwctrl_set_chan_flag
                0x000000003ffea7b1                sdk_rxiq_cover_fail_num
 *fill*         0x000000003ffea7b2        0x2 
 .bss           0x000000003ffea7b4        0x4 ./build/sdklib/libphy.a(phy_sleep.o)
                0x000000003ffea7b4                sdk_periodic_cal_sat
                0x000000003ffea7b5                sdk_software_slp_reject
                0x000000003ffea7b6                sdk_SDIO_slp_reject
                0x000000003ffea7b7                sdk_hardware_reject
 *fill*         0x000000003ffea7b8        0x8 
 .bss           0x000000003ffea7c0     0x11e8 ./build/sdklib/libpp.a(esf_buf.o)
 *fill*         0x000000003ffeb9a8        0x8 
 .bss           0x000000003ffeb9b0       0x30 ./build/sdklib/libpp.a(if_hwctrl.o)
                0x000000003ffeb9b0                sdk_interface_mask
                0x000000003ffeb9c0                sdk_if_ctrl
 .bss           0x000000003ffeb9e0      0x150 ./build/sdklib/libpp.a(lmac.o)
                0x000000003ffeb9e4                sdk_lmacConfMib
 .bss           0x000000003ffebb30      0x149 ./build/sdklib/libpp.a(pm.o)
 *fill*         0x000000003ffebc79        0x7 
 .bss           0x000000003ffebc80      0x352 ./build/sdklib/libpp.a(pp.o)
                0x000000003ffebca8                sdk_pend_flag_noise_check
                0x000000003ffebcb0                sdk_pend_flag_periodic_cal
                0x000000003ffebcd4                sdk_dbg_stop_sw_wdt
                0x000000003ffebcd5                sdk_dbg_stop_hw_wdt
 *fill*         0x000000003ffebfd2        0xe 
 .bss           0x000000003ffebfe0      0x100 ./build/sdklib/libpp.a(rate_control.o)
 .bss           0x000000003ffec0e0      0x268 ./build/sdklib/libpp.a(trc.o)
 *fill*         0x000000003ffec348        0x8 
 .bss           0x000000003ffec350     0x4721 ./build/sdklib/libpp.a(wdev.o)
                0x000000003ffec350                sdk_wDevCtrl
                0x000000003ffec4f4                sdk_NMIIrqIsOn
                0x000000003ffec4f8                sdk_WdevTimOffSet
 *fill*         0x000000003fff0a71        0xf 
 .bss           0x000000003fff0a80      0x27a ./build/sdklib/libwpa.a(wpa.o)
 *fill*         0x000000003fff0cfa        0x6 
 .bss           0x000000003fff0d00       0xb0 ./build/sdklib/libwpa.a(aes-internal-dec.o)
 .bss           0x000000003fff0db0        0x8 ./build/sdklib/libnet80211.a(ieee80211_crypto_tkip.o)
 *(.bss.*)
 .bss.armed_timer_count
                0x000000003fff0db8        0x1 ./build/open_esplibs_libmain.a(timers.o)
 *fill*         0x000000003fff0db9        0x3 
 .bss.timer_list
                0x000000003fff0dbc        0x4 ./build/open_esplibs_libmain.a(timers.o)
 .bss.task_handle
                0x000000003fff0dc0        0x4 ./build/open_esplibs_libmain.a(ets_timer.o)
 .bss.timer_list
                0x000000003fff0dc4        0x4 ./build/open_esplibs_libmain.a(ets_timer.o)
 .bss.hostap_timer_parg
                0x000000003fff0dc8        0x4 ./build/open_esplibs_libnet80211.a(ieee80211_hostap.o)
 .bss.hostap_timer
                0x000000003fff0dcc       0x1c ./build/open_esplibs_libnet80211.a(ieee80211_hostap.o)
 .bss.hostap_flags
                0x000000003fff0de8        0x1 ./build/open_esplibs_libnet80211.a(ieee80211_hostap.o)
 *fill*         0x000000003fff0de9        0x3 
 .bss.pp_zeros  0x000000003fff0dec       0x20 ./build/open_esplibs_libpp.a(pp.o)
 .bss.uxSchedulerSuspended
                0x000000003fff0e0c        0x4 ./build/freertos.a(tasks.o)
 .bss.xIdleTaskHandle
                0x000000003fff0e10        0x4 ./build/freertos.a(tasks.o)
 .bss.xNextTaskUnblockTime
                0x000000003fff0e14        0x4 ./build/freertos.a(tasks.o)
 .bss.uxTaskNumber
                0x000000003fff0e18        0x4 ./build/freertos.a(tasks.o)
 .bss.xNumOfOverflows
                0x000000003fff0e1c        0x4 ./build/freertos.a(tasks.o)
 .bss.xYieldPending
                0x000000003fff0e20        0x4 ./build/freertos.a(tasks.o)
 .bss.uxPendedTicks
                0x000000003fff0e24        0x4 ./build/freertos.a(tasks.o)
 .bss.xSchedulerRunning
                0x000000003fff0e28        0x4 ./build/freertos.a(tasks.o)
 .bss.uxTopReadyPriority
                0x000000003fff0e2c        0x4 ./build/freertos.a(tasks.o)
 .bss.xTickCount
                0x000000003fff0e30        0x4 ./build/freertos.a(tasks.o)
 .bss.uxCurrentNumberOfTasks
                0x000000003fff0e34        0x4 ./build/freertos.a(tasks.o)
 .bss.xSuspendedTaskList
                0x000000003fff0e38       0x14 ./build/freertos.a(tasks.o)
 .bss.uxDeletedTasksWaitingCleanUp
                0x000000003fff0e4c        0x4 ./build/freertos.a(tasks.o)
 .bss.xTasksWaitingTermination
                0x000000003fff0e50       0x14 ./build/freertos.a(tasks.o)
 .bss.xPendingReadyList
                0x000000003fff0e64       0x14 ./build/freertos.a(tasks.o)
 .bss.pxOverflowDelayedTaskList
                0x000000003fff0e78        0x4 ./build/freertos.a(tasks.o)
 .bss.pxDelayedTaskList
                0x000000003fff0e7c        0x4 ./build/freertos.a(tasks.o)
 .bss.xDelayedTaskList2
                0x000000003fff0e80       0x14 ./build/freertos.a(tasks.o)
 .bss.xDelayedTaskList1
                0x000000003fff0e94       0x14 ./build/freertos.a(tasks.o)
 .bss.pxReadyTasksLists
                0x000000003fff0ea8      0x12c ./build/freertos.a(tasks.o)
 .bss.pxCurrentTCB
                0x000000003fff0fd4        0x4 ./build/freertos.a(tasks.o)
                0x000000003fff0fd4                pxCurrentTCB
 .bss.xLastTime$3546
                0x000000003fff0fd8        0x4 ./build/freertos.a(timers.o)
 .bss.xTimerTaskHandle
                0x000000003fff0fdc        0x4 ./build/freertos.a(timers.o)
 .bss.xTimerQueue
                0x000000003fff0fe0        0x4 ./build/freertos.a(timers.o)
 .bss.pxOverflowTimerList
                0x000000003fff0fe4        0x4 ./build/freertos.a(timers.o)
 .bss.pxCurrentTimerList
                0x000000003fff0fe8        0x4 ./build/freertos.a(timers.o)
 .bss.xActiveTimerList2
                0x000000003fff0fec       0x14 ./build/freertos.a(timers.o)
 .bss.xActiveTimerList1
                0x000000003fff1000       0x14 ./build/freertos.a(timers.o)
 .bss.uxCriticalNesting
                0x000000003fff1014        0x4 ./build/freertos.a(port.o)
 .bss.pending_maclayer_sv
                0x000000003fff1018        0x4 ./build/freertos.a(port.o)
 .bss.pending_soft_sv
                0x000000003fff101c        0x4 ./build/freertos.a(port.o)
 .bss.critical_nesting
                0x000000003fff1020        0x4 ./build/lwip.a(sys_arch.o)
 .bss.tcpip_mbox
                0x000000003fff1024        0x4 ./build/lwip.a(tcpip.o)
 .bss.tcpip_init_done_arg
                0x000000003fff1028        0x4 ./build/lwip.a(tcpip.o)
 .bss.tcpip_init_done
                0x000000003fff102c        0x4 ./build/lwip.a(tcpip.o)
 .bss.tcp_timer_ctr
                0x000000003fff1030        0x1 ./build/lwip.a(tcp.o)
 .bss.tcp_timer
                0x000000003fff1031        0x1 ./build/lwip.a(tcp.o)
 *fill*         0x000000003fff1032        0x2 
 .bss.tcpip_tcp_timer_active
                0x000000003fff1034        0x4 ./build/lwip.a(timeouts.o)
 .bss.current_timeout_due_time
                0x000000003fff1038        0x4 ./build/lwip.a(timeouts.o)
 .bss.next_timeout
                0x000000003fff103c        0x4 ./build/lwip.a(timeouts.o)
 .bss.dns_servers
                0x000000003fff1040        0x8 ./build/lwip.a(dns.o)
 .bss.dns_requests
                0x000000003fff1048        0xc ./build/lwip.a(dns.o)
 .bss.dns_table
                0x000000003fff1054       0x94 ./build/lwip.a(dns.o)
 .bss.dns_pcbs  0x000000003fff10e8        0x4 ./build/lwip.a(dns.o)
 .bss.recv_data
                0x000000003fff10ec        0x4 ./build/lwip.a(tcp_in.o)
 .bss.recv_flags
                0x000000003fff10f0        0x1 ./build/lwip.a(tcp_in.o)
 .bss.flags     0x000000003fff10f1        0x1 ./build/lwip.a(tcp_in.o)
 .bss.tcplen    0x000000003fff10f2        0x2 ./build/lwip.a(tcp_in.o)
 .bss.recv_acked
                0x000000003fff10f4        0x2 ./build/lwip.a(tcp_in.o)
 *fill*         0x000000003fff10f6        0x2 
 .bss.ackno     0x000000003fff10f8        0x4 ./build/lwip.a(tcp_in.o)
 .bss.seqno     0x000000003fff10fc        0x4 ./build/lwip.a(tcp_in.o)
 .bss.tcp_optidx
                0x000000003fff1100        0x2 ./build/lwip.a(tcp_in.o)
 *fill*         0x000000003fff1102        0x2 
 .bss.tcphdr_opt2
                0x000000003fff1104        0x4 ./build/lwip.a(tcp_in.o)
 .bss.tcphdr_opt1len
                0x000000003fff1108        0x2 ./build/lwip.a(tcp_in.o)
 .bss.tcphdr_optlen
                0x000000003fff110a        0x2 ./build/lwip.a(tcp_in.o)
 .bss.tcphdr    0x000000003fff110c        0x4 ./build/lwip.a(tcp_in.o)
 .bss.inseg     0x000000003fff1110       0x10 ./build/lwip.a(tcp_in.o)
 .bss.netif_num
                0x000000003fff1120        0x1 ./build/lwip.a(netif.o)
 *fill*         0x000000003fff1121        0x1 
 .bss.ip_reass_pbufcount
                0x000000003fff1122        0x2 ./build/lwip.a(ip4_frag.o)
 .bss.reassdatagrams
                0x000000003fff1124        0x4 ./build/lwip.a(ip4_frag.o)
 .bss.xid$4581  0x000000003fff1128        0x4 ./build/lwip.a(dhcp.o)
 .bss.dhcp_pcb_refcount
                0x000000003fff112c        0x1 ./build/lwip.a(dhcp.o)
 *fill*         0x000000003fff112d        0x3 
 .bss.dhcp_pcb  0x000000003fff1130        0x4 ./build/lwip.a(dhcp.o)
 .bss.etharp_cached_entry
                0x000000003fff1134        0x1 ./build/lwip.a(etharp.o)
 *fill*         0x000000003fff1135        0x3 
 .bss.arp_table
                0x000000003fff1138       0xf0 ./build/lwip.a(etharp.o)
 .bss.allrouters
                0x000000003fff1228        0x4 ./build/lwip.a(igmp.o)
 .bss.allsystems
                0x000000003fff122c        0x4 ./build/lwip.a(igmp.o)
 .bss.ip4_default_multicast_netif
                0x000000003fff1230        0x4 ./build/lwip.a(ip4.o)
 .bss.ip_id     0x000000003fff1234        0x2 ./build/lwip.a(ip4.o)
 *fill*         0x000000003fff1236        0x2 
 .bss._sysparam_info
                0x000000003fff1238       0x18 ./build/core.a(sysparam.o)
 .bss.heap_end$5292
                0x000000003fff1250        0x4 ./build/core.a(newlib_syscalls.o)
 .bss.locks_initialized
                0x000000003fff1254        0x4 ./build/core.a(newlib_syscalls.o)
 .bss.user_exception_handler
                0x000000003fff1258        0x4 ./build/core.a(debug_dumps.o)
 .bss.wouldBlockCount$5687
                0x000000003fff125c        0x1 ./build/wifi.a(wifi.o)
 *fill*         0x000000003fff125d        0x3 
 .bss.buf$5685  0x000000003fff1260        0x4 ./build/wifi.a(wifi.o)
 .bss.recvBuf$5686
                0x000000003fff1264       0x7f ./build/wifi.a(wifi.o)
 *fill*         0x000000003fff12e3        0x1 
 .bss.buf$5677  0x000000003fff12e4       0x50 ./build/wifi.a(wifi.o)
 .bss.client    0x000000003fff1334        0x4 ./build/wifi.a(wifi.o)
                0x000000003fff1334                client
 .bss.serverState
                0x000000003fff1338        0x4 ./build/wifi.a(wifi.o)
                0x000000003fff1338                serverState
 .bss.sockets   0x000000003fff133c       0xc0 ./build/lwip.a(sockets.o)
 .bss.uarts     0x000000003fff13fc       0xa0 ./build/softuart.a(softuart.o)
 .bss.i2c_bus   0x000000003fff149c       0x28 ./build/i2c.a(i2c.o)
 .bss.ipbuf$6164
                0x000000003fff14c4       0x10 ./build/dhcpserver.a(dhcpserver.o)
 .bss.state     0x000000003fff14d4        0x4 ./build/dhcpserver.a(dhcpserver.o)
 .bss.dhcpserver_task_handle
                0x000000003fff14d8        0x4 ./build/dhcpserver.a(dhcpserver.o)
 .bss.gpio_interrupt_handlers
                0x000000003fff14dc       0x40 ./build/core.a(esp_gpio.o)
 *(.gnu.linkonce.b.*)
 *(COMMON)
 COMMON         0x000000003fff151c        0x4 ./build/open_esplibs_libmain.a(misc.o)
                0x000000003fff151c                sdk__putc1
 COMMON         0x000000003fff1520       0x28 ./build/open_esplibs_libmain.a(user_interface.o)
                0x000000003fff1520                sdk_cpu_overclock
                0x000000003fff1524                sdk_rst_if
                0x000000003fff1544                sdk_promiscuous_cb
 COMMON         0x000000003fff1548        0xc ./build/freertos.a(port.o)
                0x000000003fff1548                level1_int_disabled
                0x000000003fff154c                cpu_sr
                0x000000003fff1550                xPortSupervisorStackPointer
 COMMON         0x000000003fff1554        0xc ./build/lwip.a(sys_arch.o)
                0x000000003fff1554                lwip_tcpip_thread
                0x000000003fff1558                lwip_core_lock_count
                0x000000003fff155c                lwip_core_lock_holder_thread
 COMMON         0x000000003fff1560        0x4 ./build/lwip.a(esp_interface.o)
                0x000000003fff1560                pp_rx_pool_usage
 COMMON         0x000000003fff1564        0x4 ./build/lwip.a(tcpip.o)
                0x000000003fff1564                lock_tcpip_core
 COMMON         0x000000003fff1568       0x18 ./build/lwip.a(tcp.o)
                0x000000003fff1568                tcp_active_pcbs_changed
                0x000000003fff156c                tcp_active_pcbs
                0x000000003fff1570                tcp_ticks
                0x000000003fff1574                tcp_listen_pcbs
                0x000000003fff1578                tcp_bound_pcbs
                0x000000003fff157c                tcp_tw_pcbs
 COMMON         0x000000003fff1580        0x4 ./build/lwip.a(tcp_in.o)
                0x000000003fff1580                tcp_input_pcb
 COMMON         0x000000003fff1584        0x8 ./build/lwip.a(netif.o)
                0x000000003fff1584                netif_list
                0x000000003fff1588                netif_default
 COMMON         0x000000003fff158c        0x1 ./build/lwip.a(pbuf.o)
                0x000000003fff158c                pbuf_free_ooseq_pending
 *fill*         0x000000003fff158d        0x3 
 COMMON         0x000000003fff1590        0x4 ./build/lwip.a(udp.o)
                0x000000003fff1590                udp_pcbs
 COMMON         0x000000003fff1594       0x34 ./build/lwip.a(dhcp.o)
                0x000000003fff1594                dhcp_rx_options_given
                0x000000003fff15a0                dhcp_rx_options_val
 COMMON         0x000000003fff15c8       0x18 ./build/lwip.a(ip.o)
                0x000000003fff15c8                ip_data
 COMMON         0x000000003fff15e0       0x81 ./build/core.a(esp_interrupts.o)
                0x000000003fff15e0                isr
                0x000000003fff1660                esp_in_isr
 *fill*         0x000000003fff1661        0x3 
 COMMON         0x000000003fff1664       0x2d ./build/core.a(app_main.o)
                0x000000003fff1664                sdk_info
                0x000000003fff1688                sdk_xWatchDogTaskHandle
                0x000000003fff168c                sdk_xUserTaskHandle
                0x000000003fff1690                sdk_user_init_flag
 *fill*         0x000000003fff1691        0x3 
 COMMON         0x000000003fff1694      0x138 ./build/libc.a(lib_a-findfp.o)
                0x000000003fff1694                __sf
 COMMON         0x000000003fff17cc        0x7 ./build/sensors.a(sensair.o)
                0x000000003fff17cc                co2ResponseArr
 *fill*         0x000000003fff17d3        0x1 
 COMMON         0x000000003fff17d4       0x3e ./build/sensors.a(pressure.o)
                0x000000003fff17d4                params
                0x000000003fff17ec                bmp280_dev
 *fill*         0x000000003fff1812        0x2 
 COMMON         0x000000003fff1814        0xc ./build/wifi.a(wifi.o)
                0x000000003fff1814                client_addr
                0x000000003fff1818                errCode
                0x000000003fff181c                nc
 COMMON         0x000000003fff1820       0x18 ./build/shmem.a(shmem.o)
                0x000000003fff1820                xMutex
                0x000000003fff1824                shMem
 COMMON         0x000000003fff1838       0x90 ./build/lwip.a(sockets.o)
                0x000000003fff1838                socket_ipv4_multicast_memberships
                0x000000003fff18c8                . = ALIGN (0x8)
                0x000000003fff18c8                _bss_end = ABSOLUTE (.)
                0x000000003fff18c8                _heap_start = ABSOLUTE (.)

.irom0.text     0x0000000040202010    0x3993c
                0x0000000040202010                _irom0_text_start = ABSOLUTE (.)
 *(.literal .text .literal.* .text.* .rodata .rodata.*)
 .text.timer_tramp
                0x0000000040202010       0x17 ./build/open_esplibs_libmain.a(timers.o)
                                         0x1f (size before relaxing)
 *fill*         0x0000000040202027        0x1 
 .text.sdk_os_timer_setfn
                0x0000000040202028       0xac ./build/open_esplibs_libmain.a(timers.o)
                                         0xb8 (size before relaxing)
                0x0000000040202038                sdk_os_timer_setfn
 .text.sdk_os_timer_arm
                0x00000000402020d4       0xac ./build/open_esplibs_libmain.a(timers.o)
                                         0xd4 (size before relaxing)
                0x00000000402020e0                sdk_os_timer_arm
 .text.sdk_os_timer_disarm
                0x0000000040202180       0x27 ./build/open_esplibs_libmain.a(timers.o)
                                         0x37 (size before relaxing)
                0x0000000040202184                sdk_os_timer_disarm
 *fill*         0x00000000402021a7        0x1 
 .text.add_pending_timer
                0x00000000402021a8       0x9c ./build/open_esplibs_libmain.a(ets_timer.o)
 .text.timer_task
                0x0000000040202244       0xb9 ./build/open_esplibs_libmain.a(ets_timer.o)
                                         0xd5 (size before relaxing)
 *fill*         0x00000000402022fd        0x3 
 .text.sdk_ets_timer_arm_ms_us
                0x0000000040202300       0x69 ./build/open_esplibs_libmain.a(ets_timer.o)
                                         0x7d (size before relaxing)
                0x0000000040202308                sdk_ets_timer_arm_ms_us
 *fill*         0x0000000040202369        0x3 
 .text.sdk_ets_timer_arm
                0x000000004020236c       0x17 ./build/open_esplibs_libmain.a(ets_timer.o)
                                         0x1b (size before relaxing)
                0x000000004020236c                sdk_ets_timer_arm
 *fill*         0x0000000040202383        0x1 
 .text.sdk_ets_timer_disarm
                0x0000000040202384       0x51 ./build/open_esplibs_libmain.a(ets_timer.o)
                                         0x5d (size before relaxing)
                0x0000000040202384                sdk_ets_timer_disarm
 *fill*         0x00000000402023d5        0x3 
 .text.sdk_ets_timer_init
                0x00000000402023d8       0xa8 ./build/open_esplibs_libmain.a(ets_timer.o)
                                         0xb8 (size before relaxing)
                0x00000000402023f4                sdk_ets_timer_init
 .text.sdk_os_update_cpu_frequency
                0x0000000040202480        0xb ./build/open_esplibs_libmain.a(misc.o)
                0x0000000040202484                sdk_os_update_cpu_frequency
                0x0000000040202484                sdk_ets_update_cpu_frequency
 *fill*         0x000000004020248b        0x1 
 .text.sdk_os_delay_us
                0x000000004020248c       0x19 ./build/open_esplibs_libmain.a(misc.o)
                                         0x1d (size before relaxing)
                0x000000004020248c                sdk_os_delay_us
                0x000000004020248c                sdk_ets_delay_us
 *fill*         0x00000000402024a5        0x3 
 .text.sdk_os_install_putc1
                0x00000000402024a8        0xb ./build/open_esplibs_libmain.a(misc.o)
                0x00000000402024ac                sdk_os_install_putc1
 *fill*         0x00000000402024b3        0x1 
 .text.sdk_gpio_output_set
                0x00000000402024b4       0x1d ./build/open_esplibs_libmain.a(misc.o)
                0x00000000402024b8                sdk_gpio_output_set
 *fill*         0x00000000402024d1        0x3 
 .text.sdk_rtc_get_reset_reason
                0x00000000402024d4       0x4a ./build/open_esplibs_libmain.a(misc.o)
                0x00000000402024dc                sdk_rtc_get_reset_reason
 *fill*         0x000000004020251e        0x2 
 .text._check_boot_version
                0x0000000040202520       0x3a ./build/open_esplibs_libmain.a(user_interface.o)
                                         0x3e (size before relaxing)
 *fill*         0x000000004020255a        0x2 
 .text.wifi_save_protect
                0x000000004020255c       0x9b ./build/open_esplibs_libmain.a(user_interface.o)
                                         0x9f (size before relaxing)
 *fill*         0x00000000402025f7        0x1 
 .text.sdk_system_pp_recycle_rx_pkt
                0x00000000402025f8        0xf ./build/open_esplibs_libmain.a(user_interface.o)
                                         0x17 (size before relaxing)
                0x00000000402025f8                sdk_system_pp_recycle_rx_pkt
 *fill*         0x0000000040202607        0x1 
 .text.sdk_system_restart
                0x0000000040202608       0x53 ./build/open_esplibs_libmain.a(user_interface.o)
                                         0x7b (size before relaxing)
                0x0000000040202614                sdk_system_restart
 *fill*         0x000000004020265b        0x1 
 .text.sdk_system_get_boot_version
                0x000000004020265c        0xe ./build/open_esplibs_libmain.a(user_interface.o)
                                         0x12 (size before relaxing)
                0x000000004020265c                sdk_system_get_boot_version
 *fill*         0x000000004020266a        0x2 
 .text.sdk_system_get_test_result
                0x000000004020266c       0x22 ./build/open_esplibs_libmain.a(user_interface.o)
                                         0x2e (size before relaxing)
                0x000000004020266c                sdk_system_get_test_result
 *fill*         0x000000004020268e        0x2 
 .text.sdk_system_upgrade_userbin_check
                0x0000000040202690       0x40 ./build/open_esplibs_libmain.a(user_interface.o)
                                         0x44 (size before relaxing)
                0x0000000040202690                sdk_system_upgrade_userbin_check
 .text.sdk_system_get_userbin_addr
                0x00000000402026d0       0x92 ./build/open_esplibs_libmain.a(user_interface.o)
                                         0x9e (size before relaxing)
                0x00000000402026dc                sdk_system_get_userbin_addr
 *fill*         0x0000000040202762        0x2 
 .text.sdk_system_update_cpu_freq
                0x0000000040202764       0x5d ./build/open_esplibs_libmain.a(user_interface.o)
                                         0x69 (size before relaxing)
                0x0000000040202764                sdk_system_update_cpu_freq
 *fill*         0x00000000402027c1        0x3 
 .text.sdk_system_get_cpu_freq
                0x00000000402027c4       0x1a ./build/open_esplibs_libmain.a(user_interface.o)
                0x00000000402027c8                sdk_system_get_cpu_freq
 *fill*         0x00000000402027de        0x2 
 .text.sdk_system_overclock
                0x00000000402027e0       0x31 ./build/open_esplibs_libmain.a(user_interface.o)
                                         0x3d (size before relaxing)
                0x00000000402027e4                sdk_system_overclock
 *fill*         0x0000000040202811        0x3 
 .text.sdk_system_restoreclock
                0x0000000040202814       0x33 ./build/open_esplibs_libmain.a(user_interface.o)
                                         0x43 (size before relaxing)
                0x0000000040202814                sdk_system_restoreclock
 *fill*         0x0000000040202847        0x1 
 .text.sdk_system_get_time
                0x0000000040202848       0x1c ./build/open_esplibs_libmain.a(user_interface.o)
                0x0000000040202850                sdk_system_get_time
 .text.sdk_system_station_got_ip_set
                0x0000000040202864       0x8d ./build/open_esplibs_libmain.a(user_interface.o)
                                         0xa9 (size before relaxing)
                0x000000004020286c                sdk_system_station_got_ip_set
 *fill*         0x00000000402028f1        0x3 
 .text.sdk_wifi_param_save_protect
                0x00000000402028f4       0xa4 ./build/open_esplibs_libmain.a(user_interface.o)
                                         0xc0 (size before relaxing)
                0x00000000402028fc                sdk_wifi_param_save_protect
 .text.sdk_wifi_set_ip_info
                0x0000000040202998       0x93 ./build/open_esplibs_libmain.a(user_interface.o)
                                         0xaf (size before relaxing)
                0x00000000402029a4                sdk_wifi_set_ip_info
 *fill*         0x0000000040202a2b        0x1 
 .text.sdk_wifi_get_macaddr
                0x0000000040202a2c       0x63 ./build/open_esplibs_libmain.a(user_interface.o)
                                         0x73 (size before relaxing)
                0x0000000040202a30                sdk_wifi_get_macaddr
 *fill*         0x0000000040202a8f        0x1 
 .text.sdk_ieee80211_hostap_attach
                0x0000000040202a90      0x199 ./build/open_esplibs_libnet80211.a(ieee80211_hostap.o)
                                        0x1fd (size before relaxing)
                0x0000000040202ab0                sdk_ieee80211_hostap_attach
 *fill*         0x0000000040202c29        0x3 
 .text.sdk_wifi_softap_start
                0x0000000040202c2c      0x168 ./build/open_esplibs_libnet80211.a(ieee80211_hostap.o)
                                        0x1c8 (size before relaxing)
                0x0000000040202c4c                sdk_wifi_softap_start
 .text.sdk_wifi_softap_stop
                0x0000000040202d94      0x13d ./build/open_esplibs_libnet80211.a(ieee80211_hostap.o)
                                        0x1b9 (size before relaxing)
                0x0000000040202d98                sdk_wifi_softap_stop
 *fill*         0x0000000040202ed1        0x3 
 .text.dhcp_if_down
                0x0000000040202ed4       0x23 ./build/open_esplibs_libnet80211.a(wl_cnx.o)
                                         0x3f (size before relaxing)
                0x0000000040202ed4                dhcp_if_down
 *fill*         0x0000000040202ef7        0x1 
 .text.sdk_cnx_rc_search
                0x0000000040202ef8       0x5e ./build/open_esplibs_libnet80211.a(wl_cnx.o)
                                         0x66 (size before relaxing)
                0x0000000040202ef8                sdk_cnx_rc_search
 *fill*         0x0000000040202f56        0x2 
 .text.sdk_cnx_add_rc
                0x0000000040202f58       0x7c ./build/open_esplibs_libnet80211.a(wl_cnx.o)
                                         0x80 (size before relaxing)
                0x0000000040202f58                sdk_cnx_add_rc
 .text.sdk_cnx_remove_rc
                0x0000000040202fd4       0x9b ./build/open_esplibs_libnet80211.a(wl_cnx.o)
                                         0x9f (size before relaxing)
                0x0000000040202fd8                sdk_cnx_remove_rc
 *fill*         0x000000004020306f        0x1 
 .text.sdk_cnx_node_remove
                0x0000000040203070       0x7c ./build/open_esplibs_libnet80211.a(wl_cnx.o)
                                         0x98 (size before relaxing)
                0x0000000040203070                sdk_cnx_node_remove
 .text.sdk_cnx_node_search
                0x00000000402030ec       0x66 ./build/open_esplibs_libnet80211.a(wl_cnx.o)
                                         0x6e (size before relaxing)
                0x00000000402030ec                sdk_cnx_node_search
 *fill*         0x0000000040203152        0x2 
 .text.sdk_sta_status_set
                0x0000000040203154       0x42 ./build/open_esplibs_libnet80211.a(ieee80211_sta.o)
                                         0x46 (size before relaxing)
                0x0000000040203154                sdk_sta_status_set
 *fill*         0x0000000040203196        0x2 
 .text.sdk_wifi_station_start
                0x0000000040203198       0xa7 ./build/open_esplibs_libnet80211.a(ieee80211_sta.o)
                                         0xdf (size before relaxing)
                0x00000000402031a8                sdk_wifi_station_start
 *fill*         0x000000004020323f        0x1 
 .text.sdk_wifi_station_stop
                0x0000000040203240       0x4b ./build/open_esplibs_libnet80211.a(ieee80211_sta.o)
                                         0x5b (size before relaxing)
                0x0000000040203240                sdk_wifi_station_stop
 *fill*         0x000000004020328b        0x1 
 .text._ppz20   0x000000004020328c        0x9 ./build/open_esplibs_libpp.a(pp.o)
                0x0000000040203290                _ppz20
 *fill*         0x0000000040203295        0x3 
 .text.sdk_wpa_config_assoc_ie
                0x0000000040203298       0x17 ./build/open_esplibs_libwpa.a(wpa_main.o)
                                         0x1b (size before relaxing)
                0x0000000040203298                sdk_wpa_config_assoc_ie
 *fill*         0x00000000402032af        0x1 
 .text.sdk_dhcp_bind_check
                0x00000000402032b0       0x22 ./build/open_esplibs_libwpa.a(wpa_main.o)
                                         0x26 (size before relaxing)
                0x00000000402032b0                sdk_dhcp_bind_check
 *fill*         0x00000000402032d2        0x2 
 .text.wpa_callback2
                0x00000000402032d4       0x33 ./build/open_esplibs_libwpa.a(wpa_main.o)
                                         0x47 (size before relaxing)
 *fill*         0x0000000040203307        0x1 
 .text.wpa_callback1
                0x0000000040203308       0x1b ./build/open_esplibs_libwpa.a(wpa_main.o)
                                         0x23 (size before relaxing)
 *fill*         0x0000000040203323        0x1 
 .text.sdk_wpa_config_profile
                0x0000000040203324       0x49 ./build/open_esplibs_libwpa.a(wpa_main.o)
                                         0x58 (size before relaxing)
                0x0000000040203324                sdk_wpa_config_profile
 *fill*         0x000000004020336d        0x3 
 .text.sdk_wpa_config_bss
                0x0000000040203370       0x2f ./build/open_esplibs_libwpa.a(wpa_main.o)
                                         0x37 (size before relaxing)
                0x0000000040203370                sdk_wpa_config_bss
 *fill*         0x000000004020339f        0x1 
 .text.sdk_eagle_auth_done
                0x00000000402033a0      0x105 ./build/open_esplibs_libwpa.a(wpa_main.o)
                                        0x18c (size before relaxing)
                0x00000000402033c0                sdk_eagle_auth_done
 *fill*         0x00000000402034a5        0x3 
 .text.sdk_wpa_neg_complete
                0x00000000402034a8        0xf ./build/open_esplibs_libwpa.a(wpa_main.o)
                                         0x17 (size before relaxing)
                0x00000000402034a8                sdk_wpa_neg_complete
 *fill*         0x00000000402034b7        0x1 
 .text.sdk_wpa_attach
                0x00000000402034b8       0x4f ./build/open_esplibs_libwpa.a(wpa_main.o)
                                         0x5f (size before relaxing)
                0x00000000402034d0                sdk_wpa_attach
 *fill*         0x0000000040203507        0x1 
 .text.prvResetNextTaskUnblockTime$part$0
                0x0000000040203508       0x20 ./build/freertos.a(tasks.o)
 .text.prvAddCurrentTaskToDelayedList
                0x0000000040203528       0xa4 ./build/freertos.a(tasks.o)
                                         0xc4 (size before relaxing)
 .text.prvIdleTask
                0x00000000402035cc       0x97 ./build/freertos.a(tasks.o)
                                         0xb3 (size before relaxing)
 *fill*         0x0000000040203663        0x1 
 .text.xTaskCreate
                0x0000000040203664      0x23f ./build/freertos.a(tasks.o)
                                        0x2bf (size before relaxing)
                0x000000004020368c                xTaskCreate
 *fill*         0x00000000402038a3        0x1 
 .text.vTaskDelete
                0x00000000402038a4       0xf1 ./build/freertos.a(tasks.o)
                                        0x145 (size before relaxing)
                0x00000000402038ac                vTaskDelete
 *fill*         0x0000000040203995        0x3 
 .text.vTaskStartScheduler
                0x0000000040203998       0xa4 ./build/freertos.a(tasks.o)
                                         0xd7 (size before relaxing)
                0x00000000402039b4                vTaskStartScheduler
 *fill*         0x0000000040203a3c        0x0 
 .text.vTaskSuspendAll
                0x0000000040203a3c       0x11 ./build/freertos.a(tasks.o)
                                         0x15 (size before relaxing)
                0x0000000040203a3c                vTaskSuspendAll
 *fill*         0x0000000040203a4d        0x3 
 .text.xTaskGetTickCount
                0x0000000040203a50       0x27 ./build/freertos.a(tasks.o)
                                         0x33 (size before relaxing)
                0x0000000040203a50                xTaskGetTickCount
 *fill*         0x0000000040203a77        0x1 
 .text.xTaskIncrementTick
                0x0000000040203a78      0x1ac ./build/freertos.a(tasks.o)
                                        0x1e8 (size before relaxing)
                0x0000000040203a88                xTaskIncrementTick
 .text.xTaskResumeAll
                0x0000000040203c24      0x121 ./build/freertos.a(tasks.o)
                                        0x185 (size before relaxing)
                0x0000000040203c28                xTaskResumeAll
 *fill*         0x0000000040203d45        0x3 
 .text.vTaskDelay
                0x0000000040203d48       0x50 ./build/freertos.a(tasks.o)
                                         0x74 (size before relaxing)
                0x0000000040203d48                vTaskDelay
 .text.vTaskSwitchContext
                0x0000000040203d98       0xea ./build/freertos.a(tasks.o)
                                        0x10a (size before relaxing)
                0x0000000040203da4                vTaskSwitchContext
 *fill*         0x0000000040203e82        0x2 
 .text.vTaskPlaceOnEventList
                0x0000000040203e84       0x41 ./build/freertos.a(tasks.o)
                                         0x5d (size before relaxing)
                0x0000000040203e88                vTaskPlaceOnEventList
 *fill*         0x0000000040203ec5        0x3 
 .text.vTaskPlaceOnEventListRestricted
                0x0000000040203ec8       0x4a ./build/freertos.a(tasks.o)
                                         0x66 (size before relaxing)
                0x0000000040203ecc                vTaskPlaceOnEventListRestricted
 *fill*         0x0000000040203f12        0x2 
 .text.xTaskRemoveFromEventList
                0x0000000040203f14       0x87 ./build/freertos.a(tasks.o)
                                         0xcb (size before relaxing)
                0x0000000040203f18                xTaskRemoveFromEventList
 *fill*         0x0000000040203f9b        0x1 
 .text.vTaskInternalSetTimeOutState
                0x0000000040203f9c       0x16 ./build/freertos.a(tasks.o)
                                         0x1e (size before relaxing)
                0x0000000040203f9c                vTaskInternalSetTimeOutState
 *fill*         0x0000000040203fb2        0x2 
 .text.xTaskCheckForTimeOut
                0x0000000040203fb4       0x99 ./build/freertos.a(tasks.o)
                                         0xb9 (size before relaxing)
                0x0000000040203fbc                xTaskCheckForTimeOut
 *fill*         0x000000004020404d        0x3 
 .text.vTaskMissedYield
                0x0000000040204050        0xc ./build/freertos.a(tasks.o)
                                         0x10 (size before relaxing)
                0x0000000040204050                vTaskMissedYield
 .text.uxTaskGetStackHighWaterMark
                0x000000004020405c       0x2c ./build/freertos.a(tasks.o)
                                         0x30 (size before relaxing)
                0x000000004020405c                uxTaskGetStackHighWaterMark
 .text.xTaskGetCurrentTaskHandle
                0x0000000040204088        0xa ./build/freertos.a(tasks.o)
                                          0xe (size before relaxing)
                0x0000000040204088                xTaskGetCurrentTaskHandle
 *fill*         0x0000000040204092        0x2 
 .text.xTaskGetSchedulerState
                0x0000000040204094       0x1e ./build/freertos.a(tasks.o)
                                         0x26 (size before relaxing)
                0x0000000040204094                xTaskGetSchedulerState
 *fill*         0x00000000402040b2        0x2 
 .text.xTaskPriorityInherit
                0x00000000402040b4       0xa4 ./build/freertos.a(tasks.o)
                                         0xbc (size before relaxing)
                0x00000000402040b4                xTaskPriorityInherit
 .text.xTaskPriorityDisinherit
                0x0000000040204158       0x92 ./build/freertos.a(tasks.o)
                                         0xbe (size before relaxing)
                0x0000000040204160                xTaskPriorityDisinherit
 *fill*         0x00000000402041ea        0x2 
 .text.vTaskPriorityDisinheritAfterTimeout
                0x00000000402041ec       0xa3 ./build/freertos.a(tasks.o)
                                         0xcf (size before relaxing)
                0x00000000402041f4                vTaskPriorityDisinheritAfterTimeout
 *fill*         0x000000004020428f        0x1 
 .text.pvTaskIncrementMutexHeldCount
                0x0000000040204290       0x1f ./build/freertos.a(tasks.o)
                                         0x23 (size before relaxing)
                0x0000000040204290                pvTaskIncrementMutexHeldCount
 *fill*         0x00000000402042af        0x1 
 .text.xTaskNotifyWait
                0x00000000402042b0       0xdf ./build/freertos.a(tasks.o)
                                         0xff (size before relaxing)
                0x00000000402042b0                xTaskNotifyWait
 *fill*         0x000000004020438f        0x1 
 .text.xTaskGenericNotifyFromISR
                0x0000000040204390      0x14f ./build/freertos.a(tasks.o)
                                        0x197 (size before relaxing)
                0x00000000402043a4                xTaskGenericNotifyFromISR
 *fill*         0x00000000402044df        0x1 
 .text.prvCheckForValidListAndQueue
                0x00000000402044e0       0x69 ./build/freertos.a(timers.o)
                                         0x89 (size before relaxing)
 *fill*         0x0000000040204549        0x3 
 .text.prvInsertTimerInActiveList
                0x000000004020454c       0x45 ./build/freertos.a(timers.o)
                                         0x59 (size before relaxing)
 *fill*         0x0000000040204591        0x3 
 .text.xTimerCreateTimerTask
                0x0000000040204594       0x49 ./build/freertos.a(timers.o)
                                         0x61 (size before relaxing)
                0x00000000402045a4                xTimerCreateTimerTask
 *fill*         0x00000000402045dd        0x3 
 .text.xTimerCreate
                0x00000000402045e0       0x69 ./build/freertos.a(timers.o)
                                         0x85 (size before relaxing)
                0x00000000402045e0                xTimerCreate
 *fill*         0x0000000040204649        0x3 
 .text.xTimerGenericCommand
                0x000000004020464c       0x7f ./build/freertos.a(timers.o)
                                         0x9f (size before relaxing)
                0x000000004020464c                xTimerGenericCommand
 *fill*         0x00000000402046cb        0x1 
 .text.prvSwitchTimerLists
                0x00000000402046cc       0x84 ./build/freertos.a(timers.o)
                                         0xaa (size before relaxing)
 *fill*         0x0000000040204750        0x0 
 .text.prvTimerTask
                0x0000000040204750      0x1e8 ./build/freertos.a(timers.o)
                                        0x280 (size before relaxing)
 .text.pvTimerGetTimerID
                0x0000000040204938       0x2d ./build/freertos.a(timers.o)
                                         0x41 (size before relaxing)
                0x0000000040204938                pvTimerGetTimerID
 *fill*         0x0000000040204965        0x3 
 .text.vAssertCalled
                0x0000000040204968       0x22 ./build/freertos.a(port.o)
                                         0x26 (size before relaxing)
                0x0000000040204970                vAssertCalled
 *fill*         0x000000004020498a        0x2 
 .text.pxPortInitialiseStack
                0x000000004020498c       0x37 ./build/freertos.a(port.o)
                0x0000000040204990                pxPortInitialiseStack
 *fill*         0x00000000402049c3        0x1 
 .text.xPortSysTickHandle
                0x00000000402049c4       0x14 ./build/freertos.a(port.o)
                                         0x23 (size before relaxing)
                0x00000000402049c4                xPortSysTickHandle
 *fill*         0x00000000402049d8        0x0 
 .text.xPortStartScheduler
                0x00000000402049d8       0x7e ./build/freertos.a(port.o)
                                         0x8e (size before relaxing)
                0x00000000402049ec                xPortStartScheduler
 *fill*         0x0000000040204a56        0x2 
 .text.xPortGetFreeHeapSize
                0x0000000040204a58       0x28 ./build/freertos.a(port.o)
                                         0x38 (size before relaxing)
                0x0000000040204a58                xPortGetFreeHeapSize
 .text.xTaskGenericCreate
                0x0000000040204a80       0x15 ./build/freertos.a(port.o)
                                         0x19 (size before relaxing)
                0x0000000040204a80                xTaskGenericCreate
 *fill*         0x0000000040204a95        0x3 
 .text.xQueueGenericReceive
                0x0000000040204a98       0x1e ./build/freertos.a(port.o)
                                         0x2d (size before relaxing)
                0x0000000040204a9c                xQueueGenericReceive
 *fill*         0x0000000040204ab6        0x2 
 .text.prvCopyDataToQueue
                0x0000000040204ab8       0xa7 ./build/freertos.a(queue.o)
                                         0xb3 (size before relaxing)
 *fill*         0x0000000040204b5f        0x1 
 .text.prvCopyDataFromQueue
                0x0000000040204b60       0x2b ./build/freertos.a(queue.o)
                                         0x2f (size before relaxing)
 *fill*         0x0000000040204b8b        0x1 
 .text.prvUnlockQueue
                0x0000000040204b8c       0xc4 ./build/freertos.a(queue.o)
                                         0xec (size before relaxing)
 .text.xQueueGenericReset
                0x0000000040204c50       0x8d ./build/freertos.a(queue.o)
                                         0xb5 (size before relaxing)
                0x0000000040204c54                xQueueGenericReset
 *fill*         0x0000000040204cdd        0x3 
 .text.xQueueGenericCreate
                0x0000000040204ce0       0x6c ./build/freertos.a(queue.o)
                                         0x80 (size before relaxing)
                0x0000000040204ce0                xQueueGenericCreate
 .text.xQueueGenericSend
                0x0000000040204d4c      0x183 ./build/freertos.a(queue.o)
                                        0x21f (size before relaxing)
                0x0000000040204d4c                xQueueGenericSend
 *fill*         0x0000000040204ecf        0x1 
 .text.xQueueCreateMutex
                0x0000000040204ed0       0x31 ./build/freertos.a(queue.o)
                                         0x3d (size before relaxing)
                0x0000000040204ed0                xQueueCreateMutex
 *fill*         0x0000000040204f01        0x3 
 .text.xQueueGiveMutexRecursive
                0x0000000040204f04       0x4b ./build/freertos.a(queue.o)
                                         0x5f (size before relaxing)
                0x0000000040204f04                xQueueGiveMutexRecursive
 *fill*         0x0000000040204f4f        0x1 
 .text.xQueueGenericSendFromISR
                0x0000000040204f50       0xc3 ./build/freertos.a(queue.o)
                                         0xf3 (size before relaxing)
                0x0000000040204f50                xQueueGenericSendFromISR
 *fill*         0x0000000040205013        0x1 
 .text.xQueueReceive
                0x0000000040205014      0x179 ./build/freertos.a(queue.o)
                                        0x215 (size before relaxing)
                0x0000000040205014                xQueueReceive
 *fill*         0x000000004020518d        0x3 
 .text.xQueueSemaphoreTake
                0x0000000040205190      0x1d4 ./build/freertos.a(queue.o)
                                        0x28c (size before relaxing)
                0x0000000040205190                xQueueSemaphoreTake
 .text.xQueueTakeMutexRecursive
                0x0000000040205364       0x53 ./build/freertos.a(queue.o)
                                         0x63 (size before relaxing)
                0x0000000040205364                xQueueTakeMutexRecursive
 *fill*         0x00000000402053b7        0x1 
 .text.uxQueueMessagesWaiting
                0x00000000402053b8       0x30 ./build/freertos.a(queue.o)
                                         0x44 (size before relaxing)
                0x00000000402053b8                uxQueueMessagesWaiting
 .text.uxQueueMessagesWaitingFromISR
                0x00000000402053e8       0x26 ./build/freertos.a(queue.o)
                                         0x2e (size before relaxing)
                0x00000000402053e8                uxQueueMessagesWaitingFromISR
 *fill*         0x000000004020540e        0x2 
 .text.vQueueDelete
                0x0000000040205410       0x29 ./build/freertos.a(queue.o)
                                         0x35 (size before relaxing)
                0x0000000040205410                vQueueDelete
 *fill*         0x0000000040205439        0x3 
 .text.vQueueWaitForMessageRestricted
                0x000000004020543c       0x6f ./build/freertos.a(queue.o)
                                         0x7f (size before relaxing)
                0x000000004020543c                vQueueWaitForMessageRestricted
 *fill*         0x00000000402054ab        0x1 
 .text.sys_sem_new
                0x00000000402054ac       0x41 ./build/lwip.a(sys_arch.o)
                                         0x4d (size before relaxing)
                0x00000000402054ac                sys_sem_new
 *fill*         0x00000000402054ed        0x3 
 .text.sys_sem_free
                0x00000000402054f0       0x1e ./build/lwip.a(sys_arch.o)
                                         0x22 (size before relaxing)
                0x00000000402054f0                sys_sem_free
 *fill*         0x000000004020550e        0x2 
 .text.sys_sem_signal
                0x0000000040205510       0x17 ./build/lwip.a(sys_arch.o)
                                         0x1f (size before relaxing)
                0x0000000040205510                sys_sem_signal
 *fill*         0x0000000040205527        0x1 
 .text.sys_arch_sem_wait
                0x0000000040205528       0x4c ./build/lwip.a(sys_arch.o)
                                         0x58 (size before relaxing)
                0x0000000040205528                sys_arch_sem_wait
 .text.sys_mutex_new
                0x0000000040205574       0x2b ./build/lwip.a(sys_arch.o)
                                         0x2f (size before relaxing)
                0x0000000040205574                sys_mutex_new
 *fill*         0x000000004020559f        0x1 
 .text.sys_mbox_new
                0x00000000402055a0       0x2f ./build/lwip.a(sys_arch.o)
                                         0x33 (size before relaxing)
                0x00000000402055a0                sys_mbox_new
 *fill*         0x00000000402055cf        0x1 
 .text.sys_mbox_free
                0x00000000402055d0       0x31 ./build/lwip.a(sys_arch.o)
                                         0x41 (size before relaxing)
                0x00000000402055d4                sys_mbox_free
 *fill*         0x0000000040205601        0x3 
 .text.sys_mbox_trypost
                0x0000000040205604       0x2b ./build/lwip.a(sys_arch.o)
                                         0x2f (size before relaxing)
                0x0000000040205604                sys_mbox_trypost
 *fill*         0x000000004020562f        0x1 
 .text.sys_arch_mbox_fetch
                0x0000000040205630       0x4c ./build/lwip.a(sys_arch.o)
                                         0x60 (size before relaxing)
                0x0000000040205630                sys_arch_mbox_fetch
 .text.sys_arch_mbox_tryfetch
                0x000000004020567c       0x2f ./build/lwip.a(sys_arch.o)
                                         0x33 (size before relaxing)
                0x000000004020567c                sys_arch_mbox_tryfetch
 *fill*         0x00000000402056ab        0x1 
 .text.sys_now  0x00000000402056ac       0x15 ./build/lwip.a(sys_arch.o)
                                         0x1d (size before relaxing)
                0x00000000402056ac                sys_now
 *fill*         0x00000000402056c1        0x3 
 .text.sys_thread_new
                0x00000000402056c4       0x2a ./build/lwip.a(sys_arch.o)
                                         0x2e (size before relaxing)
                0x00000000402056c4                sys_thread_new
 *fill*         0x00000000402056ee        0x2 
 .text.sys_arch_protect
                0x00000000402056f0       0x20 ./build/lwip.a(sys_arch.o)
                                         0x24 (size before relaxing)
                0x00000000402056f4                sys_arch_protect
 .text.sys_arch_unprotect
                0x0000000040205710       0x2d ./build/lwip.a(sys_arch.o)
                                         0x39 (size before relaxing)
                0x0000000040205714                sys_arch_unprotect
 *fill*         0x000000004020573d        0x3 
 .text.sys_lock_tcpip_core
                0x0000000040205740       0x43 ./build/lwip.a(sys_arch.o)
                                         0x4f (size before relaxing)
                0x000000004020574c                sys_lock_tcpip_core
 *fill*         0x0000000040205783        0x1 
 .text.sys_unlock_tcpip_core
                0x0000000040205784       0x2b ./build/lwip.a(sys_arch.o)
                                         0x3f (size before relaxing)
                0x0000000040205784                sys_unlock_tcpip_core
 *fill*         0x00000000402057af        0x1 
 .text.sys_mark_tcpip_thread
                0x00000000402057b0       0x18 ./build/lwip.a(sys_arch.o)
                                         0x20 (size before relaxing)
                0x00000000402057b4                sys_mark_tcpip_thread
 .text.sys_check_core_locking
                0x00000000402057c8       0x31 ./build/lwip.a(sys_arch.o)
                                         0x4c (size before relaxing)
                0x00000000402057cc                sys_check_core_locking
 *fill*         0x00000000402057f9        0x3 
 .text.low_level_output
                0x00000000402057fc       0x5e ./build/lwip.a(esp_interface.o)
                                         0x7a (size before relaxing)
 *fill*         0x000000004020585a        0x2 
 .text.pp_recycle_rx_pbuf
                0x000000004020585c       0x38 ./build/lwip.a(esp_interface.o)
                                         0x44 (size before relaxing)
                0x0000000040205860                pp_recycle_rx_pbuf
 .text.ooseq_bytes_limit
                0x0000000040205894        0x9 ./build/lwip.a(esp_interface.o)
                0x0000000040205898                ooseq_bytes_limit
 *fill*         0x000000004020589d        0x3 
 .text.ooseq_pbufs_limit
                0x00000000402058a0       0x41 ./build/lwip.a(esp_interface.o)
                                         0x49 (size before relaxing)
                0x00000000402058a0                ooseq_pbufs_limit
 *fill*         0x00000000402058e1        0x3 
 .text.ethernetif_input
                0x00000000402058e4       0x87 ./build/lwip.a(esp_interface.o)
                                         0x9e (size before relaxing)
                0x00000000402058f0                ethernetif_input
 *fill*         0x000000004020596b        0x1 
 .text.sdk_pbuf_alloc
                0x000000004020596c       0x33 ./build/lwip.a(esp_interface.o)
                                         0x3b (size before relaxing)
                0x000000004020596c                sdk_pbuf_alloc
 *fill*         0x000000004020599f        0x1 
 .text.ethernetif_init